HTTP/1.1 200 OK
Date: Tue, 14 Sep 2010 10:25:15 GMT
Server: Apache/2.2.14 (Ubuntu)
X-Powered-By: PHP/5.3.2-1ubuntu4.2
Vary: Accept-Encoding
Content-Length: 1251
Connection: close
Content-Type: text/html

<html><head><meta name=robots content="noindex, nofollow"></head><body><h1>Hello there. Do I know you?</h1><br />
<hr />System: Linux themis 2.6.32-24-generic #41-Ubuntu SMP Thu Aug 19 01:38:40 UTC 2010 x86_64 GNU/Linux
<br />
Uptime:  12:25:15 up 18 days, 12:22,  3 users,  load average: 0.47, 0.33, 0.28
<br />
eth0:           RX bytes:126416916651 (126.4 GB)  TX bytes:69179784700 (69.1 GB)
<br /><br />
Disk: <pre>Filesystem            Size  Used Avail Use% Mounted on
/dev/sda2             913G  820G   84G  91% /
/dev/sda1             503M   86M  391M  18% /boot
/dev/md0              4.1T  4.0T   47G  99% /bigone
</pre>
RAID: <pre>Personalities : [raid6] [raid5] [raid4] [linear] [multipath] [raid0] [raid1] [raid10] 
md0 : active raid5 sdb[3] sdc[0] sdd[1] sde[2]
      4395415488 blocks level 5, 64k chunk, algorithm 2 [4/4] [UUUU]
      
unused devices: <none>
</pre>
Mem: <pre>             total       used       free     shared    buffers     cached
Mem:       7678964    7107900     571064          0    2814588     612156
-/+ buffers/cache:    3681156    3997808
Swap:      3678876     621064    3057812
</pre>
Fortune: <pre>The last thing one knows in constructing a work is what to put first.
		-- Blaise Pascal
</pre>
</body></html>
